3C
46
4A
52
62
42
3C
00
08
18
08
08
08
08
1C
00
38
44
04
08
10
20
7C
00
38
44
04
38
04
44
38
00
04
0C
14
24
7E
04
04
00
7C
40
78
04
04
44
38
00
38
44
40
78
44
44
38
00
7C
04
04
08
10
10
10
00
38
44
44
38
44
44
38
00
38
44
44
3C
04
44
38
00
18
24
42
7E
42
42
42
00
7C
42
42
7C
42
42
7C
00
3C
42
40
40
40
42
3C
00
78
44
42
42
42
44
78
00
7E
40
40
78
40
40
7E
00
7E
40
40
78
40
40
40
00
3C
42
40
4E
42
42
3C
00
42
42
42
7E
42
42
42
00
1C
08
08
08
08
08
1C
00
0E
04
04
04
04
24
18
00
44
48
50
60
50
48
44
00
40
40
40
40
40
40
7C
00
44
6C
54
44
44
44
44
00
42
62
52
4A
46
42
42
00
3C
42
42
42
42
42
3C
00
7C
42
42
7C
40
40
40
00
3C
42
42
42
42
44
3A
00
7C
42
42
7C
48
44
42
00
3C
42
40
3C
02
42
3C
00
3E
08
08
08
08
08
08
00
42
42
42
42
42
42
3C
00
44
44
44
44
44
28
10
00
44
44
44
44
54
6C
44
00
00
42
24
18
18
24
42
00
44
44
44
28
10
10
10
00
7E
04
08
10
20
40
7E
00
00
00
00
00
00
C0
C0
00
00
00
00
00
00
20
60
40
00
30
30
00
00
30
30
00
00
30
30
00
00
10
30
20
08
08
08
08
08
00
08
00
38
44
04
08
10
00
10
00
60
10
08
04
08
10
60
00
0C
10
20
40
20
10
0C
00
00
00
7E
00
7E
00
00
00
00
10
10
7C
10
10
00
00
00
00
00
7C
00
00
00
00
00
02
04
08
10
20
40
00
00
40
20
10
08
04
02
00
08
10
20
20
20
10
08
00
20
10
08
08
08
10
20
00
44
FE
44
44
44
FE
44
00
00
3C
7E
7E
7E
7E
3C
00
00
00
24
00
00
42
3C
00
FF
81
81
81
81
81
81
FF
FF
00
00
00
00
00
00
00
01
01
01
01
01
01
01
01
00
00
00
00
00
00
00
FF
80
80
80
80
80
80
80
80
FF
80
80
80
80
80
80
80
FF
01
01
01
01
01
01
01
01
01
01
01
01
01
01
FF
80
80
80
80
80
80
80
FF
01
02
02
02
02
02
06
0A
00
80
80
80
80
80
C0
B0
1A
28
20
10
08
04
04
00
A8
28
08
08
10
20
20
00
00
04
64
95
96
65
00
00
00
E0
85
CA
8A
EA
00
00
00
00
00
00
00
00
00
00
00
00
00
00
FF
81
81
FF
FF
81
81
FF
00
00
00
00
F0
90
90
90
90
90
90
F0
0F
09
09
09
09
09
09
0F
00
7E
42
42
42
42
7E
00
00
00
3C
24
24
3C
00
00
00
00
00
18
18
00
00
00
7E
81
81
81
81
81
81
7E
3C
42
81
81
81
81
42
3C
18
24
42
81
81
42
24
18
00
6C
92
82
44
28
10
00
00
6C
FE
FE
7C
38
10
00
48
24
12
09
12
24
48
00
90
48
24
12
24
48
90
00
12
24
48
90
48
24
12
00
09
12
24
48
24
12
09
00
00
00
00
07
0F
1C
18
18
00
00
00
E0
F0
38
18
18
18
18
38
F0
E0
00
00
00
18
18
1C
0F
07
00
00
00
18
18
18
18
18
18
18
18
00
00
00
FF
FF
00
00
00
00
3C
7E
66
66
7E
3C
00
55
AA
55
AA
55
AA
55
AA
00
38
04
3C
44
3C
00
00
40
40
78
44
44
78
00
00
00
00
3C
40
40
3C
00
00
04
04
3C
44
44
3C
00
00
00
38
44
7C
40
38
00
00
0C
10
3C
10
10
10
00
00
00
00
3C
44
44
3C
04
78
40
40
78
44
44
44
00
00
08
00
18
08
08
1C
00
00
10
00
30
10
10
10
10
60
20
24
28
30
28
24
00
00
30
10
10
10
10
10
00
00
00
00
78
54
54
44
00
00
00
00
78
44
44
44
00
00
00
00
18
24
24
18
00
00
00
00
78
44
44
78
40
40
00
00
3C
44
44
3C
04
04
00
00
78
44
40
40
00
00
00
1C
20
1C
02
3C
00
00
10
3C
10
10
10
0C
00
00
00
00
44
44
44
3C
00
00
00
00
44
44
28
10
00
00
00
00
54
54
54
28
00
00
00
00
24
18
18
24
00
00
00
00
44
44
44
3C
04
78
00
00
78
10
20
78
00
00
08
18
10
00
00
00
00
00
66
66
66
00
00
00
00
00
00
24
18
7E
18
24
00
00
3C
66
3C
38
67
66
3F
00
18
3E
60
3C
06
7C
18
00
30
48
48
30
4A
44
3A
00
20
10
08
04
08
10
20
00
04
08
10
20
10
08
04
00
00
10
08
04
08
10
00
00
00
08
10
20
10
08
00
00
00
00
00
00
00
00
FF
FF
08
1E
28
1C
0A
3C
08
00
00
08
14
22
00
00
00
00
38
44
9A
A2
9A
44
38
00
00
00
24
00
00
3C
42
00
00
00
01
3E
54
14
14
00
38
44
94
A8
90
40
3C
00
CC
CC
33
33
CC
CC
33
33
E3
E3
E3
1C
1C
1C
E3
E3
F0
F0
F0
F0
0F
0F
0F
0F
F8
F8
F8
F8
F8
07
07
07
FC
FC
FC
FC
FC
FC
03
03
FE
FE
FE
FE
FE
FE
FE
01
FF
FF
FF
FF
FF
FF
FF
FF
00
00
00
00
00
00
00
00
00
00
00
00
00
00
00
00
00
00
00
00
00
00
00
00
00
00
00
00
00
00
00
00
00
00
00
00
00
00
00
00
00
00
00
00
00
00
00
00
00
00
00
00
00
00
00
00
00
00
00
00
00
00
00
00
00
00
00
00
00
00
00
00
00
00
00
00
00
00
00
00
00
00
00
00
00
00
00
00
00
00
00
00
00
00
00
00
00
00
00
00
00
00
00
00
00
00
00
00
00
00
00
00
00
00
00
00
00
00
00
00
00
00
00
00
00
00
00
00
00
00
00
00
00
00
00
00
00
00
00
00
00
00
00
00
00
00
00
00
00
00
00
00
00
00
00
00
00
00
00
00
00
00
00
00
00
00
00
00
00
00
00
00
00
00
00
00
00
00
00
00
00
00
00
00
00
00
00
00
00
00
00
00
00
00
00
00
00
00
00
00
00
00
00
00
00
00
00
00
00
00
00
00
00
00
00
00
00
00
00
00
00
00
00
00
00
00
00
00
00
00
00
00
00
00
00
00
00
00
00
00
00
00
00
00
00
00
00
00
00
00
00
00
00
00
00
00
00
00
00
00
00
00
00
00
00
00
00
00
00
00
00
00
00
00
00
00
00
00
00
00
00
00
00
00
00
00
00
00
00
00
00
00
00
00
00
00
00
00
00
00
00
00
00
00
00
00
00
00
00
00
00
00
00
00
00
00
00
00
00
00
00
00
00
00
00
00
00
00
00
00
00
00
00
00
00
00
00
00
00
00
00
00
00
00
00
00
00
00
00
00
00
00
00
00
00
00
00
00
00
00
00
00
00
00
00
00
00
00
00
00
00
00
00
00
00
00
00
00
00
00
00
00
00
00
00
00
00
00
00
00
00
00
00
00
00
00
00
00
00
00
00
00
00
00
00
00
00
00
00
00
00
00
00
00
00
00
00
00
00
00
00
00
00
00
00
00
00
00
00
00
00
00
00
00
00
00
00
00
00
00
00
00
00
00
00
00
00
00
00
00
00
00
00
00
00
00
00
00
00
00
00
00
00
00
00
00
00
00
00
00
00
00
00
00
00
00
00
00
00
00
00
00
00
00
00
00
00
00
00
00
00
00
00
00
00
00
00
00
00
00
00
00
00
00
00
00
00
00
00
00
00
00
00
00
00
00
00
00
00
00
00
00
00
00
00
00
00
00
00
00
00
00
00
00
00
00
00
00
00
00
00
00
00
00
00
00
00
00
00
00
00
00
00
00
00
00
00
00
00
00
00
00
00
00
00
00
00
00
00
00
00
00
00
00
00
00
00
00
00
00
00
00
00
00
00
00
00
00
00
00
00
00
00
00
00
00
00
00
00
00
00
00
00
00
00
00
00
00
00
00
00
00
00
00
00
00
00
00
00
00
00
00
00
00
00
00
00
00
00
00
00
00
00
00
00
00
00
00
00
00
00
00
00
00
00
00
00
00
00
00
00
00
00
00
00
00
00
00
00
00
00
00
00
00
00
00
00
00
00
00
00
00
00
00
00
00
00
00
00
00
00
00
00
00
00
00
00
00
00
00
00
00
00
00
00
00
00
00
00
00
00
00
00
00
00
00
00
00
00
00
00
00
00
00
00
00
00
00
00
00
00
00
00
00
00
00
00
00
00
00
00
00
00
00
00
00
00
00
00
00
00
00
00
00
00
00
00
00
00
00
00
00
00
00
00
00
00
00
00
00
00
00
00
00
00
00
00
00
00
00
00
00
00
00
00
00
00
00
00
00
00
00
00
00
00
00
00
00
00
00
00
00
00
00
00
00
00
00
00
00
00
00
00
00
00
00
00
00
00
00
00
00
00
00
00
00
00
00
00
00
00
00
00
00
00
00
00
00
00
00
00
00
00
00
00
00
00
00
00
00
00
00
00
00
00
00
00
00
00
00
00
00
00
00
00
00
00
00
00
00
00
00
00
00
00
00
00
00
00
00
00
00
00
00
00
00
00
00
00
00
00
00
00
00
00
00
00
00
00
00
00
00
00
00
00
00
00
00
00
00
00
00
00
00
00
00
00
00
00
00
00
00
00
00
00
00
00
00
00
00
00
00
00
00
00
00
00
00

